// Jest Snapshot v1, https://goo.gl/fbAQLP

exports[`HubImagesListPreview 1`] = `
<div
  className="MuiPaper-root MuiPaper-elevation MuiPaper-rounded MuiPaper-elevation1 MuiCard-root css-1cxdi3d-MuiPaper-root-MuiCard-root"
>
  <span
    className="css-w8ni5x"
    data-name="hubImagesPreviewSubtitle"
  >
    Latest
  </span>
  <div
    className="css-1fm8mgn"
  />
</div>
`;
