// Jest Snapshot v1, https://goo.gl/fbAQLP

exports[`ImageCard 1`] = `
<a
  className="css-1quvid7"
  href="#/package/encoder/7"
  onClick={[Function]}
>
  <div
    className="MuiPaper-root MuiPaper-elevation MuiPaper-rounded MuiPaper-elevation1 MuiCard-root css-1iwbnv4-MuiPaper-root-MuiCard-root"
    data-name="hubImage"
  >
    <div
      className="css-wtoz8u"
    >
      Enel
    </div>
    <div
      className="css-13180s2"
      data-name="hubImageTags"
    >
      encoder
    </div>
    <p
      className="css-3zb6uj"
    >
      whatever
    </p>
  </div>
</a>
`;
